loss_type,damage_state,damage_value
structural,no_damage_mean,5.688614E+03
structural,no_damage_stdv,5.972731E+02
structural,slight_mean,2.832887E+02
structural,slight_stdv,8.450467E+01
structural,moderate_mean,4.357577E+02
structural,moderate_stdv,1.578155E+02
structural,extreme_mean,3.063852E+02
structural,extreme_stdv,1.353460E+02
structural,complete_mean,4.009547E+02
structural,complete_stdv,2.729324E+02
