typedef iter_fold<
    uno
  , dos
  , tres
  > zz;
