typedef boost::mpl::iter_fold<
    my_vector
  , test::initial_state<
        boost::mpl::void_
      >
  > zz;
