typedef boost::mpl::iter_fold<
    my_vector
  > zz;
