typedef boost::mpl::iter_fold<
    typename my_vector::iterator::value_type
  > zz;
