tag,structural~no_damage_mean,structural~no_damage_stdv,structural~LS1_mean,structural~LS1_stdv,structural~LS2_mean,structural~LS2_stdv
"taxonomy=RC",9.986328E+02,4.914843E+02,7.200072E+02,2.496355E+02,2.813601E+02,2.506459E+02
