<?xml version="1.0" encoding="utf-8"?>
<nrml
xmlns="http://openquake.org/xmlns/nrml/0.5"
xmlns:gml="http://www.opengis.net/gml"
>
    <ruptureCollection
    investigationTime="1.0"
    >
        <ruptureGroup
        id="1"
        tectonicRegion="active shallow crust"
        >
            <singlePlaneRupture
            id="44"
            multiplicity="9"
            >
                <stochasticEventSets>
                    <SES
                    id="1"
                    >
                        188978561024 188978561025
                    </SES>
                    <SES
                    id="2"
                    >
                        188978561026 188978561028 188978561030 188978561031
                    </SES>
                    <SES
                    id="3"
                    >
                        188978561027 188978561029 188978561032
                    </SES>
                </stochasticEventSets>
                <magnitude>
                    5.8
                </magnitude>
                <strike>
                    0.0
                </strike>
                <dip>
                    90.0
                </dip>
                <rake>
                    0.0
                </rake>
                <hypocenter depth="2.1200001E+01" lat="0.0000000E+00" lon="0.0000000E+00"/>
                <planarSurface>
                    <topLeft depth="17.2283592224" lat="-0.0357178263366" lon="0.0"/>
                    <topRight depth="17.2283592224" lat="0.0357178263366" lon="0.0"/>
                    <bottomLeft depth="25.1716403961" lat="-0.0357178263366" lon="0.0"/>
                    <bottomRight depth="25.1716403961" lat="0.0357178263366" lon="0.0"/>
                </planarSurface>
            </singlePlaneRupture>
            <singlePlaneRupture
            id="45"
            multiplicity="6"
            >
                <stochasticEventSets>
                    <SES
                    id="1"
                    >
                        193273528320
                    </SES>
                    <SES
                    id="2"
                    >
                        193273528321 193273528322 193273528323
                    </SES>
                    <SES
                    id="3"
                    >
                        193273528324 193273528325
                    </SES>
                </stochasticEventSets>
                <magnitude>
                    6.05
                </magnitude>
                <strike>
                    0.0
                </strike>
                <dip>
                    90.0
                </dip>
                <rake>
                    0.0
                </rake>
                <hypocenter depth="2.1200001E+01" lat="0.0000000E+00" lon="0.0000000E+00"/>
                <planarSurface>
                    <topLeft depth="16.0539970398" lat="-0.0462791137397" lon="0.0"/>
                    <topRight depth="16.0539970398" lat="0.0462791137397" lon="0.0"/>
                    <bottomLeft depth="26.3460025787" lat="-0.0462791137397" lon="0.0"/>
                    <bottomRight depth="26.3460025787" lat="0.0462791137397" lon="0.0"/>
                </planarSurface>
            </singlePlaneRupture>
            <singlePlaneRupture
            id="46"
            multiplicity="8"
            >
                <stochasticEventSets>
                    <SES
                    id="1"
                    >
                        197568495616 197568495618 197568495619
                    </SES>
                    <SES
                    id="2"
                    >
                        197568495621
                    </SES>
                    <SES
                    id="3"
                    >
                        197568495617 197568495620 197568495622 197568495623
                    </SES>
                </stochasticEventSets>
                <magnitude>
                    6.3
                </magnitude>
                <strike>
                    0.0
                </strike>
                <dip>
                    90.0
                </dip>
                <rake>
                    0.0
                </rake>
                <hypocenter depth="2.1200001E+01" lat="0.0000000E+00" lon="0.0000000E+00"/>
                <planarSurface>
                    <topLeft depth="14.5323925018" lat="-0.0599632300436" lon="0.0"/>
                    <topRight depth="14.5323925018" lat="0.0599632300436" lon="0.0"/>
                    <bottomLeft depth="27.8676071167" lat="-0.0599632300436" lon="0.0"/>
                    <bottomRight depth="27.8676071167" lat="0.0599632300436" lon="0.0"/>
                </planarSurface>
            </singlePlaneRupture>
        </ruptureGroup>
    </ruptureCollection>
</nrml>
