tag,structural~mean,structural~stddev
"taxonomy=tax1+",2.26318E+03,1.43303E+03
