[
    {
        "acquisition_source": {
            "source": "desy",
            "method": "hepcrawl",
            "submission_number": "5652c7f6190f11e79e8000224dabeaad",
            "datetime": "2017-05-04T17:49:07.975168"
        },
        "control_number": 111111,
        "public_notes": [
            {
                "value": "*Brief entry*"
            }
        ],
        "self": {
            "$ref": "https://labs.inspirehep.net/api/literature/111111"
        },
        "number_of_pages": 6,
        "titles": [
            {
                "source": "JACoW",
                "title": "Towards a Fully Integrated Accelerator on a Chip: Dielectric Laser\n                Acceleration (DLA) From the Source to Relativistic Electrons\n            "
            }
        ],
        "_fft": [
            {
                "creation_datetime": "2017-06-27T09:43:17",
                "description": "00013 Decomposition of the problematic rotation curves in our sample according to the best-fit \\textsc{core}NFW models. Colors and symbols are as in Figure \\ref{fig:dc14_fits}.",
                "format": ".txt",
                "filename": "cNFW_rogue_curves",
                "version": 1,
                "path": "FFT/test_fft_1.txt",
                "type": "Main"
            },
            {
                "creation_datetime": "2017-06-27T09:43:16",
                "description": "00005 Comparison of the parameters of the best-fit DC14 models to the cosmological halo mass-concentration relation from \\cite{dutton14} (left) and the stellar mass-halo mass relation from \\cite{behroozi13} (right). The error bars correspond to the extremal values of the multidimensional 68\\% confidence region for each fit. The theoretical relations are shown as red lines and their 1$\\sigma$ and 2$\\sigma$ scatter are represented by the dark and light grey bands, respectively. The mass-concentration relation from \\cite{maccio08} and the stellar mass-halo mass relation from \\cite{behroozi13} are also shown as the black dashed lines.",
                "format": ".txt",
                "filename": "scalingRelations_DutBeh_DC14_all_Oh",
                "version": 1,
                "path": "FFT/test_fft_2.txt",
                "type": "Main"
            }
        ],
        "dois": [
            {
                "value": "10.18429/JACoW-IPAC2017-WEYB1"
            }
        ],
        "publication_info": [
            {
                "parent_isbn": "9783954501823"
            },
            {
                "page_start": "2520",
                "page_end": "2525",
                "year": 2017
            }
        ],
        "$schema": "hep.json",
        "document_type": [
            "article"
        ],
        "abstracts": [
            {
                "source": "Deutsches Elektronen-Synchrotron",
                "value": "Dielectric laser acceleration of electrons has recently been\n                demonstrated with significantly higher accelerating gradients than other\n                structure-based linear accelerators. Towards the development of an integrated 1 MeV\n                electron accelerator based on dielectric laser accelerator technologies,\n                development in several relevant technologies is needed. In this work, recent\n                developments on electron sources, bunching, accelerating, focussing, deflecting and\n                laser coupling structures are reported. With an eye to the near future, components\n                required for a 1 MeV kinetic energy tabletop accelerator producing sub-femtosecond\n                electron bunches are outlined.\n            "
            }
        ]
    },
    {
        "acquisition_source": {
            "source": "desy",
            "method": "hepcrawl",
            "submission_number": "5652c7f6190f11e79e8000224dabeaad",
            "datetime": "2017-05-04T17:49:07.975168"
        },
        "control_number": 222222,
        "public_notes": [
            {
                "value": "*Brief entry*"
            }
        ],
        "self": {
            "$ref": "https://labs.inspirehep.net/api/literature/222222"
        },
        "number_of_pages": 6,
        "titles": [
            {
                "source": "JACoW",
                "title": "Towards a Fully Integrated Accelerator on a Chip: Dielectric Laser\n                Acceleration (DLA) From the Source to Relativistic Electrons\n            "
            }
        ],
        "_fft": [
            {
                "creation_datetime": "2017-06-27T09:43:17",
                "description": "00013 Decomposition of the problematic rotation curves in our sample according to the best-fit \\textsc{core}NFW models. Colors and symbols are as in Figure \\ref{fig:dc14_fits}.",
                "format": ".txt",
                "filename": "cNFW_rogue_curves",
                "version": 1,
                "path": "FFT/test_fft_1.txt",
                "type": "Main"
            },
            {
                "creation_datetime": "2017-06-27T09:43:16",
                "description": "00005 Comparison of the parameters of the best-fit DC14 models to the cosmological halo mass-concentration relation from \\cite{dutton14} (left) and the stellar mass-halo mass relation from \\cite{behroozi13} (right). The error bars correspond to the extremal values of the multidimensional 68\\% confidence region for each fit. The theoretical relations are shown as red lines and their 1$\\sigma$ and 2$\\sigma$ scatter are represented by the dark and light grey bands, respectively. The mass-concentration relation from \\cite{maccio08} and the stellar mass-halo mass relation from \\cite{behroozi13} are also shown as the black dashed lines.",
                "format": ".txt",
                "filename": "scalingRelations_DutBeh_DC14_all_Oh",
                "version": 1,
                "path": "FFT/test_fft_2.txt",
                "type": "Main"
            }
        ],
        "dois": [
            {
                "value": "10.18429/JACoW-IPAC2017-WEYB1"
            }
        ],
        "publication_info": [
            {
                "parent_isbn": "9783954501823"
            },
            {
                "page_start": "2520",
                "page_end": "2525",
                "year": 2017
            }
        ],
        "$schema": "hep.json",
        "document_type": [
            "article"
        ],
        "abstracts": [
            {
                "source": "Deutsches Elektronen-Synchrotron",
                "value": "Dielectric laser acceleration of electrons has recently been\n                demonstrated with significantly higher accelerating gradients than other\n                structure-based linear accelerators. Towards the development of an integrated 1 MeV\n                electron accelerator based on dielectric laser accelerator technologies,\n                development in several relevant technologies is needed. In this work, recent\n                developments on electron sources, bunching, accelerating, focussing, deflecting and\n                laser coupling structures are reported. With an eye to the near future, components\n                required for a 1 MeV kinetic energy tabletop accelerator producing sub-femtosecond\n                electron bunches are outlined.\n            "
            }
        ]
    }
]
