tag,structural,structural_ins
"taxonomy=RC",4.32225E+03,1.04860E+03
