loss_type,damage_state,damage_value
structural,no_damage_mean,3.288472E-01
structural,no_damage_stdv,2.288482E-01
structural,slight_mean,3.030433E-01
structural,slight_stdv,7.765868E-02
structural,moderate_mean,1.546661E-01
structural,moderate_stdv,6.479105E-02
structural,extreme_mean,8.213322E-02
structural,extreme_stdv,5.066518E-02
structural,complete_mean,1.313102E-01
structural,complete_stdv,1.432957E-01
