loss_type,damage_state,damage_value
structural,no_damage_mean,3.954627E-01
structural,no_damage_stdv,2.485768E-01
structural,slight_mean,2.967513E-01
structural,slight_stdv,8.379072E-02
structural,moderate_mean,1.374152E-01
structural,moderate_stdv,7.029014E-02
structural,extreme_mean,6.894678E-02
structural,extreme_stdv,5.046767E-02
structural,complete_mean,1.014241E-01
structural,complete_stdv,1.266570E-01
