tag,contents~mean,contents~stddev,nonstructural~mean,nonstructural~stddev,structural~mean,structural~stddev
"taxonomy=tax1",5.95349E+03,1.51204E+03,7.28010E+03,2.78809E+03,2.43758E+03,1.70300E+03
"taxonomy=tax2",1.98418E+03,9.50639E+02,5.59075E+03,2.21312E+03,7.64117E+02,6.43132E+02
"taxonomy=tax3",1.21944E+03,7.50617E+02,3.52962E+03,1.68832E+03,4.63370E+02,4.27930E+02
