contents~mean,contents~stddev,nonstructural~mean,nonstructural~stddev,structural~mean,structural~stddev
9.15711E+03,2.60806E+03,1.64005E+04,5.40717E+03,3.66506E+03,2.29674E+03
