contents~mean,contents~stddev,nonstructural~mean,nonstructural~stddev,structural~mean,structural~stddev
8.05071E+03,2.43223E+03,1.39286E+04,4.91693E+03,2.81581E+03,1.95011E+03
