tag,structural~no_damage_mean,structural~no_damage_stdv,structural~LS1_mean,structural~LS1_stdv,structural~LS2_mean,structural~LS2_stdv
"taxonomy=RC",6.805430E+02,6.953334E+02,9.503899E+02,3.905550E+02,3.690670E+02,3.673386E+02
"taxonomy=RM",1.374253E+03,9.476195E+02,1.533835E+03,6.077670E+02,1.091912E+03,9.547554E+02
