========= ====== ======
PGA       events nbytes
========= ====== ======
0.0129823 17     2754  
0.0116802 18     2664  
========= ====== ======