loss_type,damage_state,damage_value
structural,no_damage_mean,4.799988E-01
structural,no_damage_stdv,3.862237E-01
structural,slight_mean,3.537988E-01
structural,slight_stdv,2.538649E-01
structural,moderate_mean,6.553464E-02
structural,moderate_stdv,8.334012E-02
structural,extreme_mean,1.844897E-02
structural,extreme_stdv,2.712654E-02
structural,complete_mean,8.221881E-02
structural,complete_stdv,1.102756E-01
