# source_model_tree_path=('b11',), gsim_tree_path=('CY',), investigation_time=50.0,imt=PGA
lon,lat,depth,poe-0.005,poe-0.007,poe-0.0098,poe-0.0137,poe-0.0192,poe-0.0269,poe-0.0376,poe-0.0527,poe-0.0738,poe-0.103,poe-0.145,poe-0.203,poe-0.284,poe-0.397,poe-0.556,poe-0.778,poe-1.09,poe-1.52,poe-2.13
0.00000,0.00000,0.00000,1.000000E+00,9.999986E-01,9.999340E-01,9.987379E-01,9.917703E-01,9.582059E-01,8.775436E-01,7.134952E-01,5.156754E-01,3.296800E-01,2.404279E-01,1.812692E-01,9.516259E-02,7.225651E-02,2.469009E-02,0.000000E+00,0.000000E+00,0.000000E+00,0.000000E+00
0.00000,1.00000,0.00000,9.999998E-01,9.999950E-01,9.998884E-01,9.981172E-01,9.880258E-01,9.435838E-01,8.427628E-01,6.228076E-01,4.511884E-01,3.623719E-01,2.404279E-01,1.392920E-01,7.225651E-02,2.469009E-02,2.469009E-02,0.000000E+00,0.000000E+00,0.000000E+00,0.000000E+00
0.00000,2.50000,0.00000,8.744436E-01,7.062423E-01,5.034147E-01,3.781149E-01,1.605430E-01,9.516259E-02,2.469009E-02,0.000000E+00,0.000000E+00,0.000000E+00,0.000000E+00,0.000000E+00,0.000000E+00,0.000000E+00,0.000000E+00,0.000000E+00,0.000000E+00,0.000000E+00,0.000000E+00
