structural~mean,structural~stddev
2.26318E+03,1.43303E+03
